/home/daniell/Desktop/PI-DeepONet/project/src/diagnose_classifier_head_shift.py:124: FutureWarning: You are using `torch.load` with `weights_only=False` (the current default value), which uses the default pickle module implicitly. It is possible to construct malicious pickle data which will execute arbitrary code during unpickling (See https://github.com/pytorch/pytorch/blob/main/SECURITY.md#untrusted-models for more details). In a future release, the default value for `weights_only` will be flipped to `True`. This limits the functions that could be executed during unpickling. Arbitrary objects will no longer be allowed to be loaded via this mode unless they are explicitly allowlisted by the user via `torch.serialization.add_safe_globals`. We recommend you start setting `weights_only=True` for any use case where you don't have full control of the loaded file. Please open an issue on GitHub for any issues related to this experimental feature.
  model.load_state_dict(torch.load(args.model_path, map_location=DEVICE))
Modelo cargado desde: /home/daniell/Desktop/PI-DeepONet/project/src/../models/pideeponet_Exp2_reconstruccion_sin_restricciones_seed42_best.pth
Umbrales coral_bias aprendidos: [ 5.010119    0.42249367 -1.481645   -3.0975788 ]

--- TRAIN -- escalar proyectado y norma latente por clase real ---
  Clase   N         projected (media)   projected (std)   latent_norm (media) 
  0       7190      -12.9951            3.4721            1369.4534           
  1       3304      -1.2152             2.1782            1000.9655           
  2       3314      1.1454              1.4846            921.4481            
  3       3250      2.1694              1.1053            930.7947            
  4       2942      2.8138              1.0027            842.9673            

--- TEST  -- escalar proyectado y norma latente por clase real ---
  Clase   N         projected (media)   projected (std)   latent_norm (media) 
  0       149051    4.0107              0.6359            1106.5186           
  1       73433     4.0217              0.6300            1210.3860           
  2       71664     4.0720              0.6144            1169.2711           
  3       68639     4.0628              0.6006            1164.1431           
  4       68016     4.1133              0.5895            1153.8947           

=== INTERPRETACIÓN ===
  Correlación (clase real, projected) en TRAIN: 0.839
  Correlación (clase real, projected) en TEST:  0.058

  Escalar proyectado medio en TEST: 4.0473
  Umbrales superados en promedio (de 4): 4

  -> NO hay relación apreciable entre el escalar proyectado y la ocupación
     real en el dominio de test. La representación (Branch/Trunk) no está
     generalizando información relevante para el conteo a este dominio nuevo.
