/home/daniell/Desktop/PI-DeepONet/project/src/diagnose_classifier_head_shift.py:124: FutureWarning: You are using `torch.load` with `weights_only=False` (the current default value), which uses the default pickle module implicitly. It is possible to construct malicious pickle data which will execute arbitrary code during unpickling (See https://github.com/pytorch/pytorch/blob/main/SECURITY.md#untrusted-models for more details). In a future release, the default value for `weights_only` will be flipped to `True`. This limits the functions that could be executed during unpickling. Arbitrary objects will no longer be allowed to be loaded via this mode unless they are explicitly allowlisted by the user via `torch.serialization.add_safe_globals`. We recommend you start setting `weights_only=True` for any use case where you don't have full control of the loaded file. Please open an issue on GitHub for any issues related to this experimental feature.
  model.load_state_dict(torch.load(args.model_path, map_location=DEVICE))
Modelo cargado desde: /home/daniell/Desktop/PI-DeepONet/project/src/../models/pideeponet_Exp1_baseline_data_driven_seed777_best.pth
Umbrales coral_bias aprendidos: [ 5.0135183   0.42093557 -1.4771132  -3.1119652 ]

--- TRAIN -- escalar proyectado y norma latente por clase real ---
  Clase   N         projected (media)   projected (std)   latent_norm (media) 
  0       7190      -11.6910            2.9511            1250.6301           
  1       3304      -1.0801             1.9725            1026.1232           
  2       3314      1.0428              1.4049            888.6305            
  3       3250      2.0976              1.0358            839.0931            
  4       2942      2.6611              0.9394            868.7704            

--- TEST  -- escalar proyectado y norma latente por clase real ---
  Clase   N         projected (media)   projected (std)   latent_norm (media) 
  0       149051    3.8180              0.2949            707.7252            
  1       73433     3.7198              0.3114            669.3391            
  2       71664     3.7525              0.3498            672.3238            
  3       68639     3.7488              0.3911            658.1437            
  4       68016     3.7769              0.4163            640.8497            

=== INTERPRETACIÓN ===
  Correlación (clase real, projected) en TRAIN: 0.845
  Correlación (clase real, projected) en TEST:  -0.048

  Escalar proyectado medio en TEST: 3.7728
  Umbrales superados en promedio (de 4): 4

  -> NO hay relación apreciable entre el escalar proyectado y la ocupación
     real en el dominio de test. La representación (Branch/Trunk) no está
     generalizando información relevante para el conteo a este dominio nuevo.
