/home/daniell/Desktop/PI-DeepONet/project/src/diagnose_classifier_head_shift.py:124: FutureWarning: You are using `torch.load` with `weights_only=False` (the current default value), which uses the default pickle module implicitly. It is possible to construct malicious pickle data which will execute arbitrary code during unpickling (See https://github.com/pytorch/pytorch/blob/main/SECURITY.md#untrusted-models for more details). In a future release, the default value for `weights_only` will be flipped to `True`. This limits the functions that could be executed during unpickling. Arbitrary objects will no longer be allowed to be loaded via this mode unless they are explicitly allowlisted by the user via `torch.serialization.add_safe_globals`. We recommend you start setting `weights_only=True` for any use case where you don't have full control of the loaded file. Please open an issue on GitHub for any issues related to this experimental feature.
  model.load_state_dict(torch.load(args.model_path, map_location=DEVICE))
Modelo cargado desde: /home/daniell/Desktop/PI-DeepONet/project/src/../models/pideeponet_Exp1_baseline_data_driven_seed42_best.pth
Umbrales coral_bias aprendidos: [ 5.0075164   0.41902792 -1.4825261  -3.0824096 ]

--- TRAIN -- escalar proyectado y norma latente por clase real ---
  Clase   N         projected (media)   projected (std)   latent_norm (media) 
  0       7190      -13.0918            3.5255            1196.6379           
  1       3304      -1.4549             2.3301            777.2458            
  2       3314      1.1068              1.5784            673.8801            
  3       3250      2.1717              1.1904            690.0132            
  4       2942      2.8288              1.0529            687.2988            

--- TEST  -- escalar proyectado y norma latente por clase real ---
  Clase   N         projected (media)   projected (std)   latent_norm (media) 
  0       149051    4.2610              0.1962            1210.1912           
  1       73433     4.2712              0.2795            1173.1359           
  2       71664     4.2934              0.3176            1161.8492           
  3       68639     4.2817              0.3429            1106.0262           
  4       68016     4.2786              0.3603            1115.1887           

=== INTERPRETACIÓN ===
  Correlación (clase real, projected) en TRAIN: 0.841
  Correlación (clase real, projected) en TEST:  0.029

  Escalar proyectado medio en TEST: 4.2742
  Umbrales superados en promedio (de 4): 4

  -> NO hay relación apreciable entre el escalar proyectado y la ocupación
     real en el dominio de test. La representación (Branch/Trunk) no está
     generalizando información relevante para el conteo a este dominio nuevo.
