/home/daniell/Desktop/PI-DeepONet/project/src/diagnose_classifier_head_shift.py:124: FutureWarning: You are using `torch.load` with `weights_only=False` (the current default value), which uses the default pickle module implicitly. It is possible to construct malicious pickle data which will execute arbitrary code during unpickling (See https://github.com/pytorch/pytorch/blob/main/SECURITY.md#untrusted-models for more details). In a future release, the default value for `weights_only` will be flipped to `True`. This limits the functions that could be executed during unpickling. Arbitrary objects will no longer be allowed to be loaded via this mode unless they are explicitly allowlisted by the user via `torch.serialization.add_safe_globals`. We recommend you start setting `weights_only=True` for any use case where you don't have full control of the loaded file. Please open an issue on GitHub for any issues related to this experimental feature.
  model.load_state_dict(torch.load(args.model_path, map_location=DEVICE))
Modelo cargado desde: /home/daniell/Desktop/PI-DeepONet/project/src/../models/pideeponet_Exp2_reconstruccion_sin_restricciones_seed777_best.pth
Umbrales coral_bias aprendidos: [ 4.985427   0.4040832 -1.5009716 -3.135059 ]

--- TRAIN -- escalar proyectado y norma latente por clase real ---
  Clase   N         projected (media)   projected (std)   latent_norm (media) 
  0       7190      -11.4352            3.0099            1313.4972           
  1       3304      -1.1538             2.1092            1091.5406           
  2       3314      1.0830              1.3979            998.7138            
  3       3250      2.1022              1.0235            971.7031            
  4       2942      2.6576              0.9177            967.8947            

--- TEST  -- escalar proyectado y norma latente por clase real ---
  Clase   N         projected (media)   projected (std)   latent_norm (media) 
  0       149051    4.0854              0.1841            603.0751            
  1       73433     4.0643              0.2836            650.1427            
  2       71664     4.0482              0.3445            668.4708            
  3       68639     4.0030              0.4033            682.5865            
  4       68016     3.9867              0.4399            650.2088            

=== INTERPRETACIÓN ===
  Correlación (clase real, projected) en TRAIN: 0.844
  Correlación (clase real, projected) en TEST:  -0.117

  Escalar proyectado medio en TEST: 4.0469
  Umbrales superados en promedio (de 4): 4

  -> NO hay relación apreciable entre el escalar proyectado y la ocupación
     real en el dominio de test. La representación (Branch/Trunk) no está
     generalizando información relevante para el conteo a este dominio nuevo.
