/home/daniell/Desktop/PI-DeepONet/project/src/diagnose_classifier_head_shift.py:124: FutureWarning: You are using `torch.load` with `weights_only=False` (the current default value), which uses the default pickle module implicitly. It is possible to construct malicious pickle data which will execute arbitrary code during unpickling (See https://github.com/pytorch/pytorch/blob/main/SECURITY.md#untrusted-models for more details). In a future release, the default value for `weights_only` will be flipped to `True`. This limits the functions that could be executed during unpickling. Arbitrary objects will no longer be allowed to be loaded via this mode unless they are explicitly allowlisted by the user via `torch.serialization.add_safe_globals`. We recommend you start setting `weights_only=True` for any use case where you don't have full control of the loaded file. Please open an issue on GitHub for any issues related to this experimental feature.
  model.load_state_dict(torch.load(args.model_path, map_location=DEVICE))
Modelo cargado desde: /home/daniell/Desktop/PI-DeepONet/project/src/../models/pideeponet_Exp2_reconstruccion_sin_restricciones_seed123_best.pth
Umbrales coral_bias aprendidos: [ 5.023197    0.43572387 -1.470803   -3.0919905 ]

--- TRAIN -- escalar proyectado y norma latente por clase real ---
  Clase   N         projected (media)   projected (std)   latent_norm (media) 
  0       7190      -12.1542            3.9549            969.4875            
  1       3304      -1.1257             2.0869            852.7874            
  2       3314      1.0980              1.4539            725.5981            
  3       3250      2.1235              1.0592            692.4161            
  4       2942      2.7556              0.9458            739.5353            

--- TEST  -- escalar proyectado y norma latente por clase real ---
  Clase   N         projected (media)   projected (std)   latent_norm (media) 
  0       149051    4.0154              0.2217            551.5503            
  1       73433     3.9834              0.3277            447.6650            
  2       71664     4.0111              0.3363            448.7982            
  3       68639     4.0359              0.3728            438.8638            
  4       68016     4.0539              0.3760            458.9568            

=== INTERPRETACIÓN ===
  Correlación (clase real, projected) en TRAIN: 0.825
  Correlación (clase real, projected) en TEST:  0.047

  Escalar proyectado medio en TEST: 4.0186
  Umbrales superados en promedio (de 4): 4

  -> NO hay relación apreciable entre el escalar proyectado y la ocupación
     real en el dominio de test. La representación (Branch/Trunk) no está
     generalizando información relevante para el conteo a este dominio nuevo.
